2026-10-07 12:49:17.521: [INFO] CurrentProfilePath: E:\Spring\.metadata\.plugins\org.eclipse.swt\EBWebView\Default
2026-10-07 12:49:17.521: [INFO] Profiles total count: 1
2026-10-07 12:49:17.521: [INFO] Profile: name=Profile 1 path=E:\Spring\.metadata\.plugins\org.eclipse.swt\EBWebView\Default lastActive=null
2026-10-07 12:49:17.521: [INFO] LastUsedProfileDir: E:\Spring\.metadata\.plugins\org.eclipse.swt\EBWebView\Default
2026-10-07 12:49:17.521: [INFO] OnDoneLoading sync enabled: 0
2026-10-07 12:49:17.521: [INFO] BookmarkModelLoaded, ids_reassigned: 0
2026-10-07 12:49:17.521: [INFO] BookmarksLoadDropped droppedNodes=0
2026-10-07 12:49:17.521: [INFO] BookmarksSnapshot Startup total=0 bar=0 other=0 mobile=0 showBar=0 showBarNTP=1
2026-10-07 12:51:44.545: [INFO] BookmarksSnapshot Shutdown total=0 bar=0 other=0 mobile=0 showBar=0 showBarNTP=1
2026-10-07 13:01:14.535: [INFO] CurrentProfilePath: E:\Spring\.metadata\.plugins\org.eclipse.swt\EBWebView\Default
2026-10-07 13:01:14.535: [INFO] Profiles total count: 1
2026-10-07 13:01:14.535: [INFO] Profile: name=Profile 1 path=E:\Spring\.metadata\.plugins\org.eclipse.swt\EBWebView\Default lastActive=2026-10-07T12:53:12.727Z
2026-10-07 13:01:14.535: [INFO] LastUsedProfileDir: E:\Spring\.metadata\.plugins\org.eclipse.swt\EBWebView\Default
2026-10-07 13:01:14.535: [INFO] MostRecentlyActiveProfile: name=Profile 1 path=E:\Spring\.metadata\.plugins\org.eclipse.swt\EBWebView\Default lastActive=2026-10-07T12:53:12.727Z
2026-10-07 13:01:14.535: [INFO] OnDoneLoading sync enabled: 0
2026-10-07 13:01:14.535: [INFO] BookmarkModelLoaded, ids_reassigned: 0
2026-10-07 13:01:14.535: [INFO] BookmarksLoadDropped droppedNodes=0
2026-10-07 13:01:14.535: [INFO] BookmarksSnapshot Startup total=0 bar=0 other=0 mobile=0 showBar=0 showBarNTP=1
2026-10-07 13:08:30.289: [INFO] BookmarksSnapshot Shutdown total=0 bar=0 other=0 mobile=0 showBar=0 showBarNTP=1
2026-10-07 13:25:58.465: [INFO] CurrentProfilePath: E:\Spring\.metadata\.plugins\org.eclipse.swt\EBWebView\Default
2026-10-07 13:25:58.465: [INFO] Profiles total count: 1
2026-10-07 13:25:58.465: [INFO] Profile: name=Profile 1 path=E:\Spring\.metadata\.plugins\org.eclipse.swt\EBWebView\Default lastActive=2026-10-07T12:53:12.727Z
2026-10-07 13:25:58.465: [INFO] LastUsedProfileDir: E:\Spring\.metadata\.plugins\org.eclipse.swt\EBWebView\Default
2026-10-07 13:25:58.466: [INFO] MostRecentlyActiveProfile: name=Profile 1 path=E:\Spring\.metadata\.plugins\org.eclipse.swt\EBWebView\Default lastActive=2026-10-07T12:53:12.727Z
2026-10-07 13:25:58.466: [INFO] OnDoneLoading sync enabled: 0
2026-10-07 13:25:58.466: [INFO] BookmarkModelLoaded, ids_reassigned: 0
2026-10-07 13:25:58.466: [INFO] BookmarksLoadDropped droppedNodes=0
2026-10-07 13:25:58.466: [INFO] BookmarksSnapshot Startup total=0 bar=0 other=0 mobile=0 showBar=0 showBarNTP=1
2026-10-07 17:11:04.072: [INFO] BookmarksSnapshot Shutdown total=0 bar=0 other=0 mobile=0 showBar=0 showBarNTP=1
2026-10-08 04:58:41.984: [INFO] CurrentProfilePath: E:\Spring\.metadata\.plugins\org.eclipse.swt\EBWebView\Default
2026-10-08 04:58:41.984: [INFO] Profiles total count: 1
2026-10-08 04:58:41.984: [INFO] Profile: name=Profile 1 path=E:\Spring\.metadata\.plugins\org.eclipse.swt\EBWebView\Default lastActive=2026-10-07T12:53:12.727Z
2026-10-08 04:58:41.984: [INFO] LastUsedProfileDir: E:\Spring\.metadata\.plugins\org.eclipse.swt\EBWebView\Default
2026-10-08 04:58:41.984: [INFO] MostRecentlyActiveProfile: name=Profile 1 path=E:\Spring\.metadata\.plugins\org.eclipse.swt\EBWebView\Default lastActive=2026-10-07T12:53:12.727Z
2026-10-08 04:58:41.984: [INFO] OnDoneLoading sync enabled: 0
2026-10-08 04:58:41.984: [INFO] BookmarkModelLoaded, ids_reassigned: 0
2026-10-08 04:58:41.984: [INFO] BookmarksLoadDropped droppedNodes=0
2026-10-08 04:58:41.984: [INFO] BookmarksSnapshot Startup total=0 bar=0 other=0 mobile=0 showBar=0 showBarNTP=1
2026-10-08 05:02:56.454: [INFO] BookmarksSnapshot Shutdown total=0 bar=0 other=0 mobile=0 showBar=0 showBarNTP=1
2026-10-08 06:37:06.139: [INFO] CurrentProfilePath: E:\Spring\.metadata\.plugins\org.eclipse.swt\EBWebView\Default
2026-10-08 06:37:06.139: [INFO] Profiles total count: 1
2026-10-08 06:37:06.139: [INFO] Profile: name=Profile 1 path=E:\Spring\.metadata\.plugins\org.eclipse.swt\EBWebView\Default lastActive=2026-10-08T05:02:53.782Z
2026-10-08 06:37:06.139: [INFO] LastUsedProfileDir: E:\Spring\.metadata\.plugins\org.eclipse.swt\EBWebView\Default
2026-10-08 06:37:06.139: [INFO] MostRecentlyActiveProfile: name=Profile 1 path=E:\Spring\.metadata\.plugins\org.eclipse.swt\EBWebView\Default lastActive=2026-10-08T05:02:53.782Z
2026-10-08 06:37:06.139: [INFO] OnDoneLoading sync enabled: 0
2026-10-08 06:37:06.139: [INFO] BookmarkModelLoaded, ids_reassigned: 0
2026-10-08 06:37:06.139: [INFO] BookmarksLoadDropped droppedNodes=0
2026-10-08 06:37:06.139: [INFO] BookmarksSnapshot Startup total=0 bar=0 other=0 mobile=0 showBar=0 showBarNTP=1
2026-10-08 07:07:51.609: [INFO] BookmarksSnapshot Shutdown total=0 bar=0 other=0 mobile=0 showBar=0 showBarNTP=1
2026-10-08 07:10:08.454: [INFO] CurrentProfilePath: E:\Spring\.metadata\.plugins\org.eclipse.swt\EBWebView\Default
2026-10-08 07:10:08.454: [INFO] Profiles total count: 1
2026-10-08 07:10:08.454: [INFO] Profile: name=Profile 1 path=E:\Spring\.metadata\.plugins\org.eclipse.swt\EBWebView\Default lastActive=2026-10-08T05:02:53.782Z
2026-10-08 07:10:08.454: [INFO] LastUsedProfileDir: E:\Spring\.metadata\.plugins\org.eclipse.swt\EBWebView\Default
2026-10-08 07:10:08.454: [INFO] MostRecentlyActiveProfile: name=Profile 1 path=E:\Spring\.metadata\.plugins\org.eclipse.swt\EBWebView\Default lastActive=2026-10-08T05:02:53.782Z
2026-10-08 07:10:08.454: [INFO] OnDoneLoading sync enabled: 0
2026-10-08 07:10:08.454: [INFO] BookmarkModelLoaded, ids_reassigned: 0
2026-10-08 07:10:08.454: [INFO] BookmarksLoadDropped droppedNodes=0
2026-10-08 07:10:08.454: [INFO] BookmarksSnapshot Startup total=0 bar=0 other=0 mobile=0 showBar=0 showBarNTP=1
2026-10-08 07:21:18.475: [INFO] BookmarksSnapshot Shutdown total=0 bar=0 other=0 mobile=0 showBar=0 showBarNTP=1
2026-10-08 07:38:16.298: [INFO] CurrentProfilePath: E:\Spring\.metadata\.plugins\org.eclipse.swt\EBWebView\Default
2026-10-08 07:38:16.298: [INFO] Profiles total count: 1
2026-10-08 07:38:16.298: [INFO] Profile: name=Profile 1 path=E:\Spring\.metadata\.plugins\org.eclipse.swt\EBWebView\Default lastActive=2026-10-08T07:21:14.393Z
2026-10-08 07:38:16.298: [INFO] LastUsedProfileDir: E:\Spring\.metadata\.plugins\org.eclipse.swt\EBWebView\Default
2026-10-08 07:38:16.298: [INFO] MostRecentlyActiveProfile: name=Profile 1 path=E:\Spring\.metadata\.plugins\org.eclipse.swt\EBWebView\Default lastActive=2026-10-08T07:21:14.393Z
2026-10-08 07:38:16.298: [INFO] OnDoneLoading sync enabled: 0
2026-10-08 07:38:16.298: [INFO] BookmarkModelLoaded, ids_reassigned: 0
2026-10-08 07:38:16.298: [INFO] BookmarksLoadDropped droppedNodes=0
2026-10-08 07:38:16.298: [INFO] BookmarksSnapshot Startup total=0 bar=0 other=0 mobile=0 showBar=0 showBarNTP=1
2026-10-09 04:31:58.072: [INFO] CurrentProfilePath: E:\Spring\.metadata\.plugins\org.eclipse.swt\EBWebView\Default
2026-10-09 04:31:58.072: [INFO] Profiles total count: 1
2026-10-09 04:31:58.072: [INFO] Profile: name=Profile 1 path=E:\Spring\.metadata\.plugins\org.eclipse.swt\EBWebView\Default lastActive=2026-10-08T07:21:14.393Z
2026-10-09 04:31:58.072: [INFO] LastUsedProfileDir: E:\Spring\.metadata\.plugins\org.eclipse.swt\EBWebView\Default
2026-10-09 04:31:58.072: [INFO] MostRecentlyActiveProfile: name=Profile 1 path=E:\Spring\.metadata\.plugins\org.eclipse.swt\EBWebView\Default lastActive=2026-10-08T07:21:14.393Z
2026-10-09 04:31:58.072: [INFO] OnDoneLoading sync enabled: 0
2026-10-09 04:31:58.072: [INFO] BookmarkModelLoaded, ids_reassigned: 0
2026-10-09 04:31:58.072: [INFO] BookmarksLoadDropped droppedNodes=0
2026-10-09 04:31:58.072: [INFO] BookmarksSnapshot Startup total=0 bar=0 other=0 mobile=0 showBar=0 showBarNTP=1
2026-10-09 04:32:14.962: [INFO] BookmarksSnapshot Shutdown total=0 bar=0 other=0 mobile=0 showBar=0 showBarNTP=1
2026-10-09 05:13:09.538: [INFO] CurrentProfilePath: E:\Spring\.metadata\.plugins\org.eclipse.swt\EBWebView\Default
2026-10-09 05:13:09.538: [INFO] Profiles total count: 1
2026-10-09 05:13:09.538: [INFO] Profile: name=Profile 1 path=E:\Spring\.metadata\.plugins\org.eclipse.swt\EBWebView\Default lastActive=2026-10-09T04:32:12.744Z
2026-10-09 05:13:09.538: [INFO] LastUsedProfileDir: E:\Spring\.metadata\.plugins\org.eclipse.swt\EBWebView\Default
2026-10-09 05:13:09.538: [INFO] MostRecentlyActiveProfile: name=Profile 1 path=E:\Spring\.metadata\.plugins\org.eclipse.swt\EBWebView\Default lastActive=2026-10-09T04:32:12.744Z
2026-10-09 05:13:09.538: [INFO] OnDoneLoading sync enabled: 0
2026-10-09 05:13:09.538: [INFO] BookmarkModelLoaded, ids_reassigned: 0
2026-10-09 05:13:09.538: [INFO] BookmarksLoadDropped droppedNodes=0
2026-10-09 05:13:09.538: [INFO] BookmarksSnapshot Startup total=0 bar=0 other=0 mobile=0 showBar=0 showBarNTP=1
2026-10-09 05:13:12.015: [INFO] BookmarksSnapshot Shutdown total=0 bar=0 other=0 mobile=0 showBar=0 showBarNTP=1
2026-10-09 05:14:04.308: [INFO] CurrentProfilePath: E:\Spring\.metadata\.plugins\org.eclipse.swt\EBWebView\Default
2026-10-09 05:14:04.308: [INFO] Profiles total count: 1
2026-10-09 05:14:04.308: [INFO] Profile: name=Profile 1 path=E:\Spring\.metadata\.plugins\org.eclipse.swt\EBWebView\Default lastActive=2026-10-09T04:32:12.744Z
2026-10-09 05:14:04.308: [INFO] LastUsedProfileDir: E:\Spring\.metadata\.plugins\org.eclipse.swt\EBWebView\Default
2026-10-09 05:14:04.308: [INFO] MostRecentlyActiveProfile: name=Profile 1 path=E:\Spring\.metadata\.plugins\org.eclipse.swt\EBWebView\Default lastActive=2026-10-09T04:32:12.744Z
2026-10-09 05:14:04.308: [INFO] OnDoneLoading sync enabled: 0
2026-10-09 05:14:04.308: [INFO] BookmarkModelLoaded, ids_reassigned: 0
2026-10-09 05:14:04.308: [INFO] BookmarksLoadDropped droppedNodes=0
2026-10-09 05:14:04.308: [INFO] BookmarksSnapshot Startup total=0 bar=0 other=0 mobile=0 showBar=0 showBarNTP=1
2026-10-09 07:14:29.199: [INFO] BookmarksSnapshot Shutdown total=0 bar=0 other=0 mobile=0 showBar=0 showBarNTP=1
2026-10-09 07:17:37.381: [INFO] CurrentProfilePath: E:\Spring\.metadata\.plugins\org.eclipse.swt\EBWebView\Default
2026-10-09 07:17:37.381: [INFO] Profiles total count: 1
2026-10-09 07:17:37.381: [INFO] Profile: name=Profile 1 path=E:\Spring\.metadata\.plugins\org.eclipse.swt\EBWebView\Default lastActive=2026-10-09T04:32:12.744Z
2026-10-09 07:17:37.381: [INFO] LastUsedProfileDir: E:\Spring\.metadata\.plugins\org.eclipse.swt\EBWebView\Default
2026-10-09 07:17:37.381: [INFO] MostRecentlyActiveProfile: name=Profile 1 path=E:\Spring\.metadata\.plugins\org.eclipse.swt\EBWebView\Default lastActive=2026-10-09T04:32:12.744Z
2026-10-09 07:17:37.381: [INFO] OnDoneLoading sync enabled: 0
2026-10-09 07:17:37.381: [INFO] BookmarkModelLoaded, ids_reassigned: 0
2026-10-09 07:17:37.381: [INFO] BookmarksLoadDropped droppedNodes=0
2026-10-09 07:17:37.381: [INFO] BookmarksSnapshot Startup total=0 bar=0 other=0 mobile=0 showBar=0 showBarNTP=1
